
qwdqwd
qwdqwd
qwdqwd
cat: test: No such file or directory
cat: test: No such file or directory
cat: test: No such file or directory
qwdqwd
cat: test: No such file or directory
qwdqwd
cat: test: No such file or directory
attac_test.php
cat: test: No such file or directory
attac_test.php
cat: test: No such file or directory
cat: test: No such file or directory
cat: test: No such file or directory
cat: test: No such file or directory
cat: test: No such file or directory
cat: test: No such file or directory
cat: test: No such file or directory
cat: test: No such file or directory
cat: test: No such file or directory
cat: test: No such file or directory
cat: test: No such file or directory
cat: test: No such file or directory
cat: test: No such file or directory
cat: test: No such file or directory
cat: test: No such file or directory
cat: test: No such file or directory
cat: test: No such file or directory
cat: test: No such file or directory
cat: test: No such file or directory
cat: test: No such file or directory
cat: test: No such file or directory
cat: test: No such file or directory
cat: test: No such file or directory
cat: test: No such file or directory
cat: test: No such file or directory
cat: test: No such file or directory
cat: test: No such file or directory
cat: test: No such file or directory
cat: test: No such file or directory
cat: test: No such file or directory
cat: test: No such file or directory
cat: test: No such file or directory
cat: test: No such file or directory
cat: test: No such file or directory
cat: test: No such file or directory
cat: test: No such file or directory
cat: test: No such file or directory
cat: test: No such file or directory
cat: test: No such file or directory
cat: test: No such file or directory
attac_test.php
cat: test: No such file or directory
cat: test: No such file or directory
cat: test: No such file or directory
cat: test: No such file or directory
cat: test: No such file or directory
cat: test: No such file or directory
cat: test: No such file or directory
cat: test: No such file or directory
cat: test: No such file or directory
cat: test: No such file or directory
cat: test: No such file or directory
cat: test: No such file or directory
cat: test: No such file or directory
cat: test: No such file or directory
cat: test: No such file or directory
cat: test: No such file or directory
cat: test: No such file or directory
cat: test: No such file or directory
cat: test: No such file or directory
cat: test: No such file or directory
cat: test: No such file or directory
cat: test: No such file or directory
cat: test: No such file or directory
cat: test: No such file or directory
cat: test: No such file or directory
cat: test: No such file or directory
cat: test: No such file or directory
cat: test: No such file or directory
cat: test: No such file or directory
cat: test: No such file or directory
cat: test: No such file or directory
cat: test: No such file or directory
cat: test: No such file or directory
cat: test: No such file or directory
cat: test: No such file or directory
cat: test: No such file or directory
cat: test: No such file or directory
cat: test: No such file or directory
cat: test: No such file or directory
cat: test: No such file or directory
cat: test: No such file or directory
cat: test: No such file or directory
cat: test: No such file or directory
cat: test: No such file or directory
cat: test: No such file or directory
cat: test: No such file or directory
cat: test: No such file or directory
cat: test: No such file or directory
cat: test: No such file or directory
cat: test: No such file or directory
cat: test: No such file or directory
cat: test: No such file or directory
cat: test: No such file or directory
cat: test: No such file or directory
cat: test: No such file or directory
cat: test: No such file or directory
cat: test: No such file or directory
cat: test: No such file or directory
cat: test: No such file or directory
cat: test: No such file or directory
attac_test.php
cat: test: No such file or directory
cat: test: No such file or directory
cat: test: No such file or directory
cat: test: No such file or directory
cat: test: No such file or directory
cat: test: No such file or directory
cat: test: No such file or directory
cat: test: No such file or directory
cat: test: No such file or directory
cat: test: No such file or directory
cat: test: No such file or directory
cat: test: No such file or directory
cat: test: No such file or directory
cat: test: No such file or directory
cat: test: No such file or directory
cat: test: No such file or directory
cat: test: No such file or directory
cat: test: No such file or directory
cat: test: No such file or directory
cat: test: No such file or directory
cat: test: No such file or directory
cat: test: No such file or directory
cat: test: No such file or directory
cat: test: No such file or directory
cat: test: No such file or directory
cat: test: No such file or directory
cat: test: No such file or directory
cat: test: No such file or directory
cat: test: No such file or directory
cat: test: No such file or directory
cat: test: No such file or directory
cat: test: No such file or directory
cat: test: No such file or directory
cat: test: No such file or directory
cat: test: No such file or directory
cat: test: No such file or directory
cat: test: No such file or directory
cat: test: No such file or directory
cat: test: No such file or directory
cat: test: No such file or directory
cat: test: No such file or directory
cat: test: No such file or directory
cat: test: No such file or directory
cat: test: No such file or directory
cat: test: No such file or directory
cat: test: No such file or directory
cat: test: No such file or directory
cat: test: No such file or directory
cat: test: No such file or directory
cat: test: No such file or directory
cat: test: No such file or directory
cat: test: No such file or directory
cat: test: No such file or directory
cat: test: No such file or directory
cat: test: No such file or directory
cat: test: No such file or directory
cat: test: No such file or directory
cat: test: No such file or directory
cat: test: No such file or directory
cat: test: No such file or directory
<b>htmlのコードが100ライン以下です。<b/> <br/>https://this.is.dummy.site.co.jp/
cat: test: No such file or directory
cat: test: No such file or directory
cat: test: No such file or directory
cat: test: No such file or directory
cat: test: No such file or directory
cat: test: No such file or directory
cat: test: No such file or directory
cat: test: No such file or directory
cat: test: No such file or directory
<b>htmlのコードが100ライン以下です。<b/> <br/>https://plus.netreal.jp/<br/>http://www.netfax.jp/<br/>https://www.netlist.jp/<br/>https://www.nettel.jp/<br/>https://www.net-dm.jp/<br/>https://xn--sms-rm0et401a.com/<br/>https://xn--hetw09e0b157h.com/<br/>https://www.netfax.jp/smp/<br/>https://this.is.dummy.site.co.jp/
cat: test: No such file or directory
cat: test: No such file or directory
cat: test: No such file or directory
cat: test: No such file or directory
cat: test: No such file or directory
cat: test: No such file or directory
cat: test: No such file or directory
cat: test: No such file or directory
cat: test: No such file or directory
cat: test: No such file or directory
cat: test: No such file or directory
cat: test: No such file or directory
cat: test: No such file or directory
cat: test: No such file or directory
cat: test: No such file or directory
cat: test: No such file or directory
cat: test: No such file or directory
cat: test: No such file or directory
cat: test: No such file or directory
cat: test: No such file or directory
<b>htmlのコードが100ライン以下です。<b/> <br/>https://this.is.dummy.site.co.jp/
cat: test: No such file or directory
cat: test: No such file or directory
cat: test: No such file or directory
cat: test: No such file or directory
cat: test: No such file or directory
cat: test: No such file or directory
cat: test: No such file or directory
cat: test: No such file or directory
cat: test: No such file or directory
cat: test: No such file or directory
cat: test: No such file or directory
cat: test: No such file or directory
cat: test: No such file or directory
cat: test: No such file or directory
cat: test: No such file or directory
cat: test: No such file or directory
cat: test: No such file or directory
cat: test: No such file or directory
cat: test: No such file or directory
cat: test: No such file or directory
cat: test: No such file or directory
cat: test: No such file or directory
cat: test: No such file or directory
cat: test: No such file or directory
cat: test: No such file or directory
cat: test: No such file or directory
cat: test: No such file or directory
cat: test: No such file or directory
cat: test: No such file or directory
cat: test: No such file or directory
cat: test: No such file or directory
cat: test: No such file or directory
cat: test: No such file or directory
cat: test: No such file or directory
cat: test: No such file or directory
cat: test: No such file or directory
cat: test: No such file or directory
cat: test: No such file or directory
cat: test: No such file or directory
cat: test: No such file or directory
cat: test: No such file or directory
cat: test: No such file or directory
cat: test: No such file or directory
cat: test: No such file or directory
cat: test: No such file or directory
cat: test: No such file or directory
cat: test: No such file or directory
cat: test: No such file or directory
cat: test: No such file or directory
cat: test: No such file or directory
cat: test: No such file or directory
cat: test: No such file or directory
cat: test: No such file or directory
cat: test: No such file or directory
cat: test: No such file or directory
cat: test: No such file or directory
cat: test: No such file or directory
cat: test: No such file or directory
cat: test: No such file or directory
cat: test: No such file or directory
<b>htmlのコードが100ライン以下です。<b/> <br/>https://this.is.dummy.site.co.jp/
cat: test: No such file or directory
cat: test: No such file or directory
cat: test: No such file or directory
cat: test: No such file or directory
cat: test: No such file or directory
cat: test: No such file or directory
cat: test: No such file or directory
cat: test: No such file or directory
cat: test: No such file or directory
cat: test: No such file or directory
cat: test: No such file or directory
cat: test: No such file or directory
cat: test: No such file or directory
cat: test: No such file or directory
cat: test: No such file or directory
cat: test: No such file or directory
cat: test: No such file or directory
cat: test: No such file or directory
cat: test: No such file or directory
cat: test: No such file or directory
cat: test: No such file or directory
cat: test: No such file or directory
cat: test: No such file or directory
cat: test: No such file or directory
cat: test: No such file or directory
cat: test: No such file or directory
cat: test: No such file or directory
cat: test: No such file or directory
cat: test: No such file or directory
cat: test: No such file or directory
cat: test: No such file or directory
cat: test: No such file or directory
cat: test: No such file or directory
cat: test: No such file or directory
cat: test: No such file or directory
cat: test: No such file or directory
cat: test: No such file or directory
cat: test: No such file or directory
cat: test: No such file or directory
cat: test: No such file or directory
cat: test: No such file or directory
cat: test: No such file or directory
cat: test: No such file or directory
cat: test: No such file or directory
cat: test: No such file or directory
cat: test: No such file or directory
cat: test: No such file or directory
cat: test: No such file or directory
cat: test: No such file or directory
cat: test: No such file or directory
cat: test: No such file or directory
cat: test: No such file or directory
cat: test: No such file or directory
cat: test: No such file or directory
cat: test: No such file or directory
cat: test: No such file or directory
cat: test: No such file or directory
cat: test: No such file or directory
cat: test: No such file or directory
cat: test: No such file or directory
<b>htmlのコードが100ライン以下です。<b/> <br/>https://this.is.dummy.site.co.jp/
cat: test: No such file or directory
cat: test: No such file or directory
cat: test: No such file or directory
cat: test: No such file or directory
cat: test: No such file or directory
cat: test: No such file or directory
cat: test: No such file or directory
cat: test: No such file or directory
cat: test: No such file or directory
cat: test: No such file or directory
cat: test: No such file or directory
cat: test: No such file or directory
cat: test: No such file or directory
cat: test: No such file or directory
cat: test: No such file or directory
cat: test: No such file or directory
cat: test: No such file or directory
cat: test: No such file or directory
cat: test: No such file or directory
cat: test: No such file or directory
cat: test: No such file or directory
cat: test: No such file or directory
cat: test: No such file or directory
cat: test: No such file or directory
cat: test: No such file or directory
cat: test: No such file or directory
